******************************************************************************
                  TI ARM Linker PC v16.9.4                     
******************************************************************************
>> Linked Sat Apr 14 23:47:00 2018

OUTPUT FILE NAME:   <lcdScreen.out>
ENTRY POINT SYMBOL: "_c_int00"  address: 000009e9


MEMORY CONFIGURATION

         name            origin    length      used     unused   attr    fill
----------------------  --------  ---------  --------  --------  ----  --------
  FLASH                 00000000   00040000  00000c3a  0003f3c6  R  X
  SRAM                  20000000   00008000  00000218  00007de8  RW X


SEGMENT ALLOCATION MAP

run origin  load origin   length   init length attrs members
----------  ----------- ---------- ----------- ----- -------
00000000    00000000    00000c3c   00000c3c    r-x
  00000000    00000000    0000026c   0000026c    r-- .intvecs
  0000026c    0000026c    0000093e   0000093e    r-x .text
  00000bac    00000bac    0000006c   0000006c    r-- .const
  00000c18    00000c18    00000024   00000024    r-- .cinit
20000000    20000000    00000218   00000000    rw-
  20000000    20000000    00000200   00000000    rw- .stack
  20000200    20000200    00000018   00000000    rw- .data


SECTION ALLOCATION MAP

 output                                  attributes/
section   page    origin      length       input sections
--------  ----  ----------  ----------   ----------------
.intvecs   0    00000000    0000026c     
                  00000000    0000026c     tm4c123gh6pm_startup_ccs.obj (.intvecs)

.text      0    0000026c    0000093e     
                  0000026c    0000022c     LCD.obj (.text)
                  00000498    00000132     driverlib.lib : gpio.obj (.text:GPIOPadConfigSet)
                  000005ca    00000002     rtsv7M4_T_le_v4SPD16_eabi.lib : mpu_init.obj (.text)
                  000005cc    00000110     driverlib.lib : sysctl.obj (.text:SysCtlClockGet)
                  000006dc    000000f4                   : sysctl.obj (.text:SysCtlClockSet)
                  000007d0    000000a4     main.obj (.text)
                  00000874    0000009c     rtsv7M4_T_le_v4SPD16_eabi.lib : memcpy_t2.obj (.text)
                  00000910    00000070                                   : autoinit.obj (.text)
                  00000980    00000068                                   : copy_decompress_lzss.obj (.text:decompress:lzss)
                  000009e8    00000054                                   : boot.obj (.text)
                  00000a3c    00000054                                   : exit.obj (.text)
                  00000a90    0000004c                                   : cpy_tbl.obj (.text)
                  00000adc    00000034     driverlib.lib : sysctl.obj (.text:SysCtlPeripheralEnable)
                  00000b10    0000002a                   : gpio.obj (.text:GPIODirModeSet)
                  00000b3a    00000018                   : gpio.obj (.text:GPIOPinTypeGPIOOutput)
                  00000b52    00000002     rtsv7M4_T_le_v4SPD16_eabi.lib : startup.obj (.text)
                  00000b54    00000018                                   : args_main.obj (.text)
                  00000b6c    00000014                                   : _lock.obj (.text)
                  00000b80    0000000e                                   : copy_decompress_none.obj (.text:decompress:none)
                  00000b8e    0000000c     tm4c123gh6pm_startup_ccs.obj (.text)
                  00000b9a    00000006     driverlib.lib : gpio.obj (.text:GPIOPinWrite)
                  00000ba0    00000006                   : sysctl.obj (.text:SysCtlDelay)
                  00000ba6    00000004     rtsv7M4_T_le_v4SPD16_eabi.lib : pre_init.obj (.text)

.const     0    00000bac    0000006c     
                  00000bac    0000006c     driverlib.lib : sysctl.obj (.const:g_pui32Xtals)

.cinit     0    00000c18    00000024     
                  00000c18    00000011     (.cinit..data.load) [load image, compression = lzss]
                  00000c29    00000003     --HOLE-- [fill = 0]
                  00000c2c    00000008     (__TI_handler_table)
                  00000c34    00000008     (__TI_cinit_table)

.init_array 
*          0    00000000    00000000     UNINITIALIZED

.stack     0    20000000    00000200     UNINITIALIZED
                  20000000    00000200     --HOLE--

.data      0    20000200    00000018     UNINITIALIZED
                  20000200    0000000c     rtsv7M4_T_le_v4SPD16_eabi.lib : exit.obj (.data:$O1$$)
                  2000020c    00000008                                   : _lock.obj (.data:$O1$$)
                  20000214    00000004                                   : stkdepth_vars.obj (.data)

MODULE SUMMARY

       Module                         code   ro data   rw data
       ------                         ----   -------   -------
    .\
       tm4c123gh6pm_startup_ccs.obj   12     620       0      
       LCD.obj                        556    0         0      
       main.obj                       164    0         0      
    +--+------------------------------+------+---------+---------+
       Total:                         732    620       0      
                                                              
    C:/ti/TivaWare_C_Series-2.1.4.178/driverlib/ccs/Debug/driverlib.lib
       sysctl.obj                     574    108       0      
       gpio.obj                       378    0         0      
    +--+------------------------------+------+---------+---------+
       Total:                         952    108       0      
                                                              
    C:\ti\ccsv7\tools\compiler\ti-cgt-arm_16.9.4.LTS\lib\rtsv7M4_T_le_v4SPD16_eabi.lib
       memcpy_t2.obj                  156    0         0      
       autoinit.obj                   112    0         0      
       copy_decompress_lzss.obj       104    0         0      
       exit.obj                       84     0         12     
       boot.obj                       84     0         0      
       cpy_tbl.obj                    76     0         0      
       _lock.obj                      20     0         8      
       args_main.obj                  24     0         0      
       copy_decompress_none.obj       14     0         0      
       pre_init.obj                   4      0         0      
       stkdepth_vars.obj              0      0         4      
       mpu_init.obj                   2      0         0      
       startup.obj                    2      0         0      
    +--+------------------------------+------+---------+---------+
       Total:                         682    0         24     
                                                              
       Stack:                         0      0         512    
       Linker Generated:              0      33        0      
    +--+------------------------------+------+---------+---------+
       Grand Total:                   2366   761       536    


LINKER GENERATED COPY TABLES

__TI_cinit_table @ 00000c34 records: 1, size/record: 8, table size: 8
	.data: load addr=00000c18, load size=00000011 bytes, run addr=20000200, run size=00000018 bytes, compression=lzss


LINKER GENERATED HANDLER TABLE

__TI_handler_table @ 00000c2c records: 2, size/record: 4, table size: 8
	index: 0, handler: __TI_decompress_lzss
	index: 1, handler: __TI_decompress_none


GLOBAL SYMBOLS: SORTED ALPHABETICALLY BY Name 

address   name                           
-------   ----                           
00000a3d  C$$EXIT                        
00000b11  GPIODirModeSet                 
00000499  GPIOPadConfigSet               
00000b3b  GPIOPinTypeGPIOOutput          
00000b9b  GPIOPinWrite                   
00000369  Lcd_Goto                       
000003e7  Lcd_Putch                      
000003c9  Lcd_Puts                       
000003b7  Lcd_Temizle                    
0000026d  Lcd_init                       
00000b8f  ResetISR                       
UNDEFED   SHT$$INIT_ARRAY$$Base          
UNDEFED   SHT$$INIT_ARRAY$$Limit         
000005cd  SysCtlClockGet                 
000006dd  SysCtlClockSet                 
00000ba1  SysCtlDelay                    
00000add  SysCtlPeripheralEnable         
20000200  __STACK_END                    
00000200  __STACK_SIZE                   
20000200  __STACK_TOP                    
00000c34  __TI_CINIT_Base                
00000c3c  __TI_CINIT_Limit               
00000c2c  __TI_Handler_Table_Base        
00000c34  __TI_Handler_Table_Limit       
00000911  __TI_auto_init                 
20000200  __TI_cleanup_ptr               
00000981  __TI_decompress_lzss           
00000b81  __TI_decompress_none           
20000204  __TI_dtors_ptr                 
20000208  __TI_enable_exit_profile_output
ffffffff  __TI_pprof_out_hndl            
ffffffff  __TI_prof_data_size            
ffffffff  __TI_prof_data_start           
00000000  __TI_static_base__             
00000875  __aeabi_memcpy                 
00000875  __aeabi_memcpy4                
00000875  __aeabi_memcpy8                
ffffffff  __binit__                      
ffffffff  __c_args__                     
000005cb  __mpu_init                     
20000000  __stack                        
00000b55  _args_main                     
000009e9  _c_int00                       
2000020c  _lock                          
00000b7b  _nop                           
00000b73  _register_lock                 
00000b6d  _register_unlock               
00000b53  _system_post_cinit             
00000ba7  _system_pre_init               
20000210  _unlock                        
00000a41  abort                          
ffffffff  binit                          
00000a91  copy_in                        
00000a49  exit                           
00000000  g_pfnVectors                   
000007d1  main                           
20000214  main_func_sp                   
00000875  memcpy                         


GLOBAL SYMBOLS: SORTED BY Symbol Address 

address   name                           
-------   ----                           
00000000  __TI_static_base__             
00000000  g_pfnVectors                   
00000200  __STACK_SIZE                   
0000026d  Lcd_init                       
00000369  Lcd_Goto                       
000003b7  Lcd_Temizle                    
000003c9  Lcd_Puts                       
000003e7  Lcd_Putch                      
00000499  GPIOPadConfigSet               
000005cb  __mpu_init                     
000005cd  SysCtlClockGet                 
000006dd  SysCtlClockSet                 
000007d1  main                           
00000875  __aeabi_memcpy                 
00000875  __aeabi_memcpy4                
00000875  __aeabi_memcpy8                
00000875  memcpy                         
00000911  __TI_auto_init                 
00000981  __TI_decompress_lzss           
000009e9  _c_int00                       
00000a3d  C$$EXIT                        
00000a41  abort                          
00000a49  exit                           
00000a91  copy_in                        
00000add  SysCtlPeripheralEnable         
00000b11  GPIODirModeSet                 
00000b3b  GPIOPinTypeGPIOOutput          
00000b53  _system_post_cinit             
00000b55  _args_main                     
00000b6d  _register_unlock               
00000b73  _register_lock                 
00000b7b  _nop                           
00000b81  __TI_decompress_none           
00000b8f  ResetISR                       
00000b9b  GPIOPinWrite                   
00000ba1  SysCtlDelay                    
00000ba7  _system_pre_init               
00000c2c  __TI_Handler_Table_Base        
00000c34  __TI_CINIT_Base                
00000c34  __TI_Handler_Table_Limit       
00000c3c  __TI_CINIT_Limit               
20000000  __stack                        
20000200  __STACK_END                    
20000200  __STACK_TOP                    
20000200  __TI_cleanup_ptr               
20000204  __TI_dtors_ptr                 
20000208  __TI_enable_exit_profile_output
2000020c  _lock                          
20000210  _unlock                        
20000214  main_func_sp                   
ffffffff  __TI_pprof_out_hndl            
ffffffff  __TI_prof_data_size            
ffffffff  __TI_prof_data_start           
ffffffff  __binit__                      
ffffffff  __c_args__                     
ffffffff  binit                          
UNDEFED   SHT$$INIT_ARRAY$$Base          
UNDEFED   SHT$$INIT_ARRAY$$Limit         

[58 symbols]
