******************************************************************************
                  TI ARM Linker PC v20.2.4                     
******************************************************************************
>> Linked Tue May 25 21:39:13 2021

OUTPUT FILE NAME:   <lcdScreen.out>
ENTRY POINT SYMBOL: "_c_int00_noargs"  address: 00000b55


MEMORY CONFIGURATION

         name            origin    length      used     unused   attr    fill
----------------------  --------  ---------  --------  --------  ----  --------
  FLASH                 00000000   00040000  00000c30  0003f3d0  R  X
  SRAM                  20000000   00008000  00000214  00007dec  RW X


SEGMENT ALLOCATION MAP

run origin  load origin   length   init length attrs members
----------  ----------- ---------- ----------- ----- -------
00000000    00000000    00000c30   00000c30    r-x
  00000000    00000000    0000026c   0000026c    r-- .intvecs
  0000026c    0000026c    000009ac   000009ac    r-x .text
  00000c18    00000c18    00000018   00000018    r-- .cinit
20000000    20000000    00000214   00000000    rw-
  20000000    20000000    00000200   00000000    rw- .stack
  20000200    20000200    00000014   00000000    rw- .data


SECTION ALLOCATION MAP

 output                                  attributes/
section   page    origin      length       input sections
--------  ----  ----------  ----------   ----------------
.intvecs   0    00000000    0000026c     
                  00000000    0000026c     tm4c123gh6pm_startup_ccs.obj (.intvecs)

.text      0    0000026c    000009ac     
                  0000026c    00000264     main.obj (.text)
                  000004d0    0000022c     LCD.obj (.text)
                  000006fc    0000016c     driverlib.lib : gpio.obj (.text:GPIOPadConfigSet)
                  00000868    000000f4                   : sysctl.obj (.text:SysCtlClockSet)
                  0000095c    0000009c     rtsv7M4_T_le_v4SPD16_eabi.lib : memcpy_t2.asm.obj (.text)
                  000009f8    0000007c     Output.obj (.text)
                  00000a74    00000068     rtsv7M4_T_le_v4SPD16_eabi.lib : copy_decompress_lzss.c.obj (.text:decompress:lzss:__TI_decompress_lzss)
                  00000adc    00000044                                   : autoinit.c.obj (.text:__TI_auto_init_nobinit_nopinit:__TI_auto_init_nobinit_nopinit)
                  00000b20    00000034     driverlib.lib : sysctl.obj (.text:SysCtlPeripheralEnable)
                  00000b54    00000034     rtsv7M4_T_le_v4SPD16_eabi.lib : boot_cortex_m.c.obj (.text:_c_int00_noargs:_c_int00_noargs)
                  00000b88    0000002c     driverlib.lib : gpio.obj (.text:GPIODirModeSet)
                  00000bb4    0000001a                   : gpio.obj (.text:GPIOPinTypeGPIOOutput)
                  00000bce    00000016                   : gpio.obj (.text:GPIOPinTypeGPIOInput)
                  00000be4    0000000e     rtsv7M4_T_le_v4SPD16_eabi.lib : copy_decompress_none.c.obj (.text:decompress:none:__TI_decompress_none)
                  00000bf2    0000000c     tm4c123gh6pm_startup_ccs.obj (.text)
                  00000bfe    00000006     driverlib.lib : gpio.obj (.text:GPIOPinRead)
                  00000c04    00000006                   : gpio.obj (.text:GPIOPinWrite)
                  00000c0a    00000006                   : sysctl.obj (.text:SysCtlDelay)
                  00000c10    00000004     rtsv7M4_T_le_v4SPD16_eabi.lib : pre_init.c.obj (.text:_system_pre_init)
                  00000c14    00000004                                   : exit.c.obj (.text:abort:abort)

.cinit     0    00000c18    00000018     
                  00000c18    00000008     (.cinit..data.load) [load image, compression = lzss]
                  00000c20    00000008     (__TI_handler_table)
                  00000c28    00000008     (__TI_cinit_table)

.init_array 
*          0    00000000    00000000     UNINITIALIZED

.data      0    20000200    00000014     UNINITIALIZED
                  20000200    0000000a     main.obj (.data:arr$1)
                  2000020a    00000002     --HOLE--
                  2000020c    00000008     main.obj (.data)

.stack     0    20000000    00000200     UNINITIALIZED
                  20000000    00000004     rtsv7M4_T_le_v4SPD16_eabi.lib : boot_cortex_m.c.obj (.stack)
                  20000004    000001fc     --HOLE--

__llvm_prf_cnts 
*          0    20000000    00000000     UNINITIALIZED

MODULE SUMMARY

       Module                         code   ro data   rw data
       ------                         ----   -------   -------
    .\
       tm4c123gh6pm_startup_ccs.obj   12     620       0      
       main.obj                       612    0         18     
       LCD.obj                        556    0         0      
       Output.obj                     124    0         0      
    +--+------------------------------+------+---------+---------+
       Total:                         1304   620       18     
                                                              
    C:/ti/TivaWare_C_Series-2.2.0.295/driverlib/ccs/Debug/driverlib.lib
       gpio.obj                       468    0         0      
       sysctl.obj                     302    0         0      
    +--+------------------------------+------+---------+---------+
       Total:                         770    0         0      
                                                              
    C:\ti\ccs1031\ccs\tools\compiler\ti-cgt-arm_20.2.4.LTS\lib\rtsv7M4_T_le_v4SPD16_eabi.lib
       memcpy_t2.asm.obj              156    0         0      
       copy_decompress_lzss.c.obj     104    0         0      
       autoinit.c.obj                 68     0         0      
       boot_cortex_m.c.obj            52     0         0      
       copy_decompress_none.c.obj     14     0         0      
       exit.c.obj                     4      0         0      
       pre_init.c.obj                 4      0         0      
    +--+------------------------------+------+---------+---------+
       Total:                         402    0         0      
                                                              
       Stack:                         0      0         512    
       Linker Generated:              0      24        0      
    +--+------------------------------+------+---------+---------+
       Grand Total:                   2476   644       530    


LINKER GENERATED COPY TABLES

__TI_cinit_table @ 00000c28 records: 1, size/record: 8, table size: 8
	.data: load addr=00000c18, load size=00000008 bytes, run addr=20000200, run size=00000014 bytes, compression=lzss


LINKER GENERATED HANDLER TABLE

__TI_handler_table @ 00000c20 records: 2, size/record: 4, table size: 8
	index: 0, handler: __TI_decompress_lzss
	index: 1, handler: __TI_decompress_none


GLOBAL SYMBOLS: SORTED ALPHABETICALLY BY Name 

address   name                          
-------   ----                          
00000c15  C$$EXIT                       
000009f9  Fan_Init                      
00000a21  Fan_off                       
00000a13  Fan_on                        
00000b89  GPIODirModeSet                
000006fd  GPIOPadConfigSet              
00000bff  GPIOPinRead                   
00000bcf  GPIOPinTypeGPIOInput          
00000bb5  GPIOPinTypeGPIOOutput         
00000c05  GPIOPinWrite                  
0000061b  LCD_Commands                  
00000a2f  Lamp_Init                     
00000a57  Lamp_off                      
00000a49  Lamp_on                       
000005cd  Lcd_Goto                      
0000064b  Lcd_Putch                     
0000062d  Lcd_Puts                      
000004d1  Lcd_init                      
00000bf3  ResetISR                      
00000419  Sensor_init                   
00000869  SysCtlClockSet                
00000c0b  SysCtlDelay                   
00000b21  SysCtlPeripheralEnable        
00000389  TempertureRead                
0000031d  Temperture_Init               
20000200  __STACK_END                   
00000200  __STACK_SIZE                  
20000200  __STACK_TOP                   
00000c28  __TI_CINIT_Base               
00000c30  __TI_CINIT_Limit              
00000c20  __TI_Handler_Table_Base       
00000c28  __TI_Handler_Table_Limit      
00000add  __TI_auto_init_nobinit_nopinit
00000a75  __TI_decompress_lzss          
00000be5  __TI_decompress_none          
ffffffff  __TI_pprof_out_hndl           
ffffffff  __TI_prof_data_size           
ffffffff  __TI_prof_data_start          
00000000  __TI_static_base__            
0000095d  __aeabi_memcpy                
0000095d  __aeabi_memcpy4               
0000095d  __aeabi_memcpy8               
ffffffff  __binit__                     
ffffffff  __c_args__                    
UNDEFED   __mpu_init                    
20000000  __stack                       
20000000  __start___llvm_prf_cnts       
20000000  __stop___llvm_prf_cnts        
00000b55  _c_int00_noargs               
UNDEFED   _system_post_cinit            
00000c11  _system_pre_init              
00000c15  abort                         
ffffffff  binit                         
000003b7  convert_data                  
00000000  g_pfnVectors                  
0000026d  main                          
0000095d  memcpy                        
20000210  senseorvalue                  
2000020c  temperature                   


GLOBAL SYMBOLS: SORTED BY Symbol Address 

address   name                          
-------   ----                          
00000000  __TI_static_base__            
00000000  g_pfnVectors                  
00000200  __STACK_SIZE                  
0000026d  main                          
0000031d  Temperture_Init               
00000389  TempertureRead                
000003b7  convert_data                  
00000419  Sensor_init                   
000004d1  Lcd_init                      
000005cd  Lcd_Goto                      
0000061b  LCD_Commands                  
0000062d  Lcd_Puts                      
0000064b  Lcd_Putch                     
000006fd  GPIOPadConfigSet              
00000869  SysCtlClockSet                
0000095d  __aeabi_memcpy                
0000095d  __aeabi_memcpy4               
0000095d  __aeabi_memcpy8               
0000095d  memcpy                        
000009f9  Fan_Init                      
00000a13  Fan_on                        
00000a21  Fan_off                       
00000a2f  Lamp_Init                     
00000a49  Lamp_on                       
00000a57  Lamp_off                      
00000a75  __TI_decompress_lzss          
00000add  __TI_auto_init_nobinit_nopinit
00000b21  SysCtlPeripheralEnable        
00000b55  _c_int00_noargs               
00000b89  GPIODirModeSet                
00000bb5  GPIOPinTypeGPIOOutput         
00000bcf  GPIOPinTypeGPIOInput          
00000be5  __TI_decompress_none          
00000bf3  ResetISR                      
00000bff  GPIOPinRead                   
00000c05  GPIOPinWrite                  
00000c0b  SysCtlDelay                   
00000c11  _system_pre_init              
00000c15  C$$EXIT                       
00000c15  abort                         
00000c20  __TI_Handler_Table_Base       
00000c28  __TI_CINIT_Base               
00000c28  __TI_Handler_Table_Limit      
00000c30  __TI_CINIT_Limit              
20000000  __stack                       
20000000  __start___llvm_prf_cnts       
20000000  __stop___llvm_prf_cnts        
20000200  __STACK_END                   
20000200  __STACK_TOP                   
2000020c  temperature                   
20000210  senseorvalue                  
ffffffff  __TI_pprof_out_hndl           
ffffffff  __TI_prof_data_size           
ffffffff  __TI_prof_data_start          
ffffffff  __binit__                     
ffffffff  __c_args__                    
ffffffff  binit                         
UNDEFED   __mpu_init                    
UNDEFED   _system_post_cinit            

[59 symbols]
